{
	"fields": [
		{
			"arrayMarker":"",
			"nameForField": "Boolean",
			"directlyRequired": true,
			"annotations": [],
			"booleanGetter": true,
			"fieldPrefix": "my",
			"nameForAccessor": "Boolean",
			"typeInvocation": "boolean"
		},
		{
			"arrayMarker":"",
			"nameForField": "Byte",
			"directlyRequired": true,
			"annotations": [],
			"booleanGetter": false,
			"fieldPrefix": "my",
			"nameForAccessor": "Byte",
			"typeInvocation": "byte"
		},
		{
			"arrayMarker":"",
			"nameForField": "Char",
			"directlyRequired": true,
			"annotations": [],
			"booleanGetter": false,
			"fieldPrefix": "my",
			"nameForAccessor": "Char",
			"typeInvocation": "char"
		},
		{
			"arrayMarker":"",
			"nameForField": "Int",
			"directlyRequired": true,
			"annotations": [],
			"booleanGetter": false,
			"fieldPrefix": "my",
			"nameForAccessor": "Int",
			"typeInvocation": "int"
		},
		{
			"arrayMarker":"",
			"nameForField": "Long",
			"directlyRequired": true,
			"annotations": [],
			"booleanGetter": false,
			"fieldPrefix": "my",
			"nameForAccessor": "Long",
			"typeInvocation": "long"
		},
		{
			"arrayMarker":"",
			"nameForField": "Float",
			"directlyRequired": true,
			"annotations": [],
			"booleanGetter": false,
			"fieldPrefix": "my",
			"nameForAccessor": "Float",
			"typeInvocation": "float"
		},
		{
			"arrayMarker":"",
			"nameForField": "Double",
			"directlyRequired": true,
			"annotations": [],
			"booleanGetter": false,
			"fieldPrefix": "my",
			"nameForAccessor": "Double",
			"typeInvocation": "double"
		},
		{
			"arrayMarker":"",
			"nameForField": "Short",
			"directlyRequired": true,
			"annotations": [],
			"booleanGetter": false,
			"fieldPrefix": "my",
			"nameForAccessor": "Short",
			"typeInvocation": "short"
		},
		{
			"arrayMarker":"",
			"nameForField": "Unprefixed",
			"directlyRequired": true,
			"annotations": [],
			"booleanGetter": false,
			"fieldPrefix": "my",
			"nameForAccessor": "Unprefixed",
			"typeInvocation": "short"
		},
		{
			"arrayMarker":"",
			"nameForField": "My",
			"directlyRequired": true,
			"annotations": [],
			"booleanGetter": false,
			"fieldPrefix": "my",
			"nameForAccessor": "My",
			"typeInvocation": "short"
		},
		{
			"arrayMarker":"[][]",
			"nameForField": "ArrayOfStrings",
			"directlyRequired": true,
			"annotations": [],
			"booleanGetter": false,
			"fieldPrefix": "my",
			"nameForAccessor": "ArrayOfStrings",
			"typeInvocation": "String"
		}
	]
}